
> react-kavia@0.1.0 start
> react-scripts start

Attempting to bind to HOST environment variable: 0.0.0.0
If this was unintentional, check that you haven't mistakenly set it in your shell.
Learn more here: https://cra.link/advanced-config

(node:10124) [DEP_WEBPACK_DEV_SERVER_ON_AFTER_SETUP_MIDDLEWARE] DeprecationWarning: 'onAfterSetupMiddleware' option is deprecated. Please use the 'setupMiddlewares' option.
(Use `node --trace-deprecation ...` to show where the warning was created)
(node:10124) [DEP_WEBPACK_DEV_SERVER_ON_BEFORE_SETUP_MIDDLEWARE] DeprecationWarning: 'onBeforeSetupMiddleware' option is deprecated. Please use the 'setupMiddlewares' option.
Starting the development server...

Compiled successfully!

You can now view react-kavia in the browser.

  Local:            http://localhost:3000
  On Your Network:  http://172.17.0.2:3000

Note that the development build is not optimized.
To create a production build, use npm run build.

webpack compiled successfully
Compiling...
Compiled successfully!
webpack compiled successfully
Compiling...
Failed to compile.

[eslint] 
src/components/Hero.js
  Line 64:16:  'profile' is not defined  no-undef

Search for the keywords to learn more about each error.
WARNING in [eslint] 
src/components/Hero.js
  Line 1:25:  'useState' is defined but never used    no-unused-vars
  Line 2:8:   'profileOld' is defined but never used  no-unused-vars
  Line 3:8:   'profileNew' is defined but never used  no-unused-vars

ERROR in [eslint] 
src/components/Hero.js
  Line 64:16:  'profile' is not defined  no-undef

Search for the keywords to learn more about each error.

webpack compiled with 1 error and 1 warning
Compiling...
Failed to compile.

[eslint] 
src/components/Hero.js
  Line 70:16:  'profile' is not defined  no-undef

Search for the keywords to learn more about each error.
WARNING in [eslint] 
src/components/Hero.js
  Line 15:25:  'setUseNewProfile' is assigned a value but never used  no-unused-vars
  Line 18:9:   'imgSrc' is assigned a value but never used            no-unused-vars

ERROR in [eslint] 
src/components/Hero.js
  Line 70:16:  'profile' is not defined  no-undef

Search for the keywords to learn more about each error.

webpack compiled with 1 error and 1 warning
Compiling...
Compiled successfully!
webpack compiled successfully
